// Vitest Snapshot v1, https://vitest.dev/guide/snapshot.html

exports[`AppFooter.vue > matches snapshot 1`] = `
"<div data-v-6704560a="" class="footer">
  <p data-v-6704560a="" class="copyright">Â© 2024 CirclePOS.com All Rights Reserved.</p>
</div>"
`;
