// Vitest Snapshot v1, https://vitest.dev/guide/snapshot.html

exports[`Loader.vue > matches snapshot 1`] = `"<div data-v-8ec46d9a="" class="loader"><span data-v-8ec46d9a="" class="spinner"></span></div>"`;
